[11:18:53] [main/INFO]: Loading Minecraft 1.21 with Fabric Loader 0.18.4
[11:18:54] [main/INFO]: Loading 4 mods:
	- fabricloader 0.18.4
	   \-- mixinextras 0.5.0
	- java 25
	- minecraft 1.21
[11:18:54] [main/INFO]: SpongePowered MIXIN Subsystem Version=0.8.7 Source=file:/workspaces/Minecraft_server/libraries/net/fabricmc/sponge-mixin/0.17.0+mixin.0.8.7/sponge-mixin-0.17.0+mixin.0.8.7.jar Service=Knot/Fabric Env=SERVER
[11:18:58] [main/INFO]: Environment: Environment[sessionHost=https://sessionserver.mojang.com, servicesHost=https://api.minecraftservices.com, name=PROD]
[11:18:59] [main/INFO]: No existing world data, creating new world
[11:19:00] [main/INFO]: Loaded 1290 recipes
[11:19:00] [main/INFO]: Loaded 1399 advancements
[11:19:01] [Server thread/INFO]: Starting minecraft server version 1.21
[11:19:01] [Server thread/INFO]: Loading properties
[11:19:01] [Server thread/INFO]: Default game type: SURVIVAL
[11:19:01] [Server thread/INFO]: Generating keypair
[11:19:01] [Server thread/INFO]: Starting Minecraft server on *:25565
[11:19:01] [Server thread/INFO]: Using epoll channel type
[11:19:01] [Server thread/WARN]: **** SERVER IS RUNNING IN OFFLINE/INSECURE MODE!
[11:19:01] [Server thread/WARN]: The server will make no attempt to authenticate usernames. Beware.
[11:19:01] [Server thread/WARN]: While this makes the game possible to play without internet access, it also opens up the ability for hackers to connect with any username they choose.
[11:19:01] [Server thread/WARN]: To change this, set "online-mode" to "true" in the server.properties file.
[11:19:01] [Server thread/INFO]: Preparing level "world"
[11:19:07] [Server thread/INFO]: Preparing start region for dimension minecraft:overworld
[11:19:07] [Worker-Main-3/INFO]: Preparing spawn area: 2%
[11:19:08] [Worker-Main-3/INFO]: Preparing spawn area: 2%
[11:19:08] [Worker-Main-2/INFO]: Preparing spawn area: 2%
[11:19:09] [Worker-Main-2/INFO]: Preparing spawn area: 2%
[11:19:09] [Worker-Main-1/INFO]: Preparing spawn area: 18%
[11:19:10] [Worker-Main-3/INFO]: Preparing spawn area: 18%
[11:19:10] [Worker-Main-3/INFO]: Preparing spawn area: 46%
[11:19:11] [Worker-Main-2/INFO]: Preparing spawn area: 51%
[11:19:11] [Worker-Main-2/INFO]: Preparing spawn area: 51%
[11:19:12] [Worker-Main-3/INFO]: Preparing spawn area: 51%
[11:19:12] [Server thread/INFO]: Time elapsed: 4659 ms
[11:19:12] [Server thread/INFO]: Done (11.184s)! For help, type "help"
[11:19:42] [Server thread/INFO]: Stopping the server
[11:19:42] [Server thread/INFO]: Stopping server
[11:19:42] [Server thread/INFO]: Saving players
[11:19:42] [Server thread/INFO]: Saving worlds
[11:19:43] [Server thread/INFO]: Saving chunks for level 'ServerLevel[world]'/minecraft:overworld
[11:19:44] [Server thread/INFO]: Saving chunks for level 'ServerLevel[world]'/minecraft:the_nether
[11:19:44] [Server thread/INFO]: Saving chunks for level 'ServerLevel[world]'/minecraft:the_end
[11:19:44] [Server thread/INFO]: ThreadedAnvilChunkStorage (world): All chunks are saved
[11:19:44] [Server thread/INFO]: ThreadedAnvilChunkStorage (DIM-1): All chunks are saved
[11:19:44] [Server thread/INFO]: ThreadedAnvilChunkStorage (DIM1): All chunks are saved
[11:19:44] [Server thread/INFO]: ThreadedAnvilChunkStorage: All dimensions are saved
